computing raw metric scores ...
Skipping import of cpp extensions due to incompatible torch version 2.9.1 for torchao version 0.16.0             Please see https://github.com/pytorch/ao/issues/2919 for more info
W0829 19:33:59.161000 55152 site-packages/torch/distributed/elastic/multiprocessing/redirects.py:29] NOTE: Redirects are currently not supported in Windows or MacOs.
Loading weights:   0%|          | 0/197 [00:00<?, ?it/s]Loading weights: 100%|██████████| 197/197 [00:00<00:00, 4160.85it/s]
[1mRobertaModel LOAD REPORT[0m from: almanach/camembertv2-base
Key                             | Status     | 
--------------------------------+------------+-
lm_head.bias                    | UNEXPECTED | 
lm_head.layer_norm.weight       | UNEXPECTED | 
lm_head.layer_norm.bias         | UNEXPECTED | 
lm_head.dense.weight            | UNEXPECTED | 
lm_head.dense.bias              | UNEXPECTED | 
roberta.embeddings.position_ids | UNEXPECTED | 
pooler.dense.bias               | MISSING    | 
pooler.dense.weight             | MISSING    | 

Notes:
- UNEXPECTED:	can be ignored when loading from different task/architecture; not ok if you expect identical arch.
- MISSING:	those params were newly initialized because missing from the checkpoint. Consider training on your downstream task.
  computed bs_cam
  computed bsr_cam
Loading weights:   0%|          | 0/196 [00:00<?, ?it/s]Loading weights: 100%|██████████| 196/196 [00:00<00:00, 8118.62it/s]
[1mFlaubertModel LOAD REPORT[0m from: flaubert/flaubert_base_cased
Key                  | Status     |  | 
---------------------+------------+--+-
pred_layer.proj.bias | UNEXPECTED |  | 

Notes:
- UNEXPECTED:	can be ignored when loading from different task/architecture; not ok if you expect identical arch.
  computed bs_flau
Loading weights:   0%|          | 0/199 [00:00<?, ?it/s]Loading weights:  32%|███▏      | 64/199 [00:00<00:00, 604.45it/s]Loading weights: 100%|██████████| 199/199 [00:00<00:00, 1757.37it/s]
[1mBertModel LOAD REPORT[0m from: sentence-transformers/LaBSE
Key                     | Status     |  | 
------------------------+------------+--+-
embeddings.position_ids | UNEXPECTED |  | 

Notes:
- UNEXPECTED:	can be ignored when loading from different task/architecture; not ok if you expect identical arch.
  computed labse
Loading weights:   0%|          | 0/199 [00:00<?, ?it/s]Loading weights: 100%|██████████| 199/199 [00:00<00:00, 4327.50it/s]
[1mCamembertModel LOAD REPORT[0m from: dangvantuan/sentence-camembert-base
Key                     | Status     |  | 
------------------------+------------+--+-
embeddings.position_ids | UNEXPECTED |  | 

Notes:
- UNEXPECTED:	can be ignored when loading from different task/architecture; not ok if you expect identical arch.
  computed scam
Loading weights:   0%|          | 0/199 [00:00<?, ?it/s]Loading weights: 100%|██████████| 199/199 [00:00<00:00, 6429.76it/s]
[1mXLMRobertaModel LOAD REPORT[0m from: sentence-transformers/paraphrase-multilingual-mpnet-base-v2
Key                     | Status     |  | 
------------------------+------------+--+-
embeddings.position_ids | UNEXPECTED |  | 

Notes:
- UNEXPECTED:	can be ignored when loading from different task/architecture; not ok if you expect identical arch.
  computed mpnet
Loading weights:   0%|          | 0/199 [00:00<?, ?it/s]Loading weights: 100%|██████████| 199/199 [00:00<00:00, 4287.86it/s]
[1mXLMRobertaModel LOAD REPORT[0m from: intfloat/multilingual-e5-base
Key                     | Status     |  | 
------------------------+------------+--+-
embeddings.position_ids | UNEXPECTED |  | 

Notes:
- UNEXPECTED:	can be ignored when loading from different task/architecture; not ok if you expect identical arch.
  computed e5
Loading weights:   0%|          | 0/202 [00:00<?, ?it/s]Loading weights: 100%|██████████| 202/202 [00:00<00:00, 5231.13it/s]
[1mDebertaV2ForSequenceClassification LOAD REPORT[0m from: MoritzLaurer/mDeBERTa-v3-base-xnli-multilingual-nli-2mil7
Key                             | Status     |  | 
--------------------------------+------------+--+-
deberta.embeddings.position_ids | UNEXPECTED |  | 

Notes:
- UNEXPECTED:	can be ignored when loading from different task/architecture; not ok if you expect identical arch.
/Library/Frameworks/Python.framework/Versions/3.12/lib/python3.12/multiprocessing/resource_tracker.py:254: UserWarning: resource_tracker: There appear to be 1 leaked semaphore objects to clean up at shutdown
  warnings.warn('resource_tracker: There appear to be %d '
